207.200.116.8 - - [04/Sep/2009:12:31:24 -0700] "GET www.suzanwoodruff.com/selectedworks/thumbs/3/redshift1g.jpg HTTP/1.1" 200 7948 "http://www.suzanwoodruff.com/works3.html" "Mozilla/4.0 (compatible; MSIE 7.0; AOL 9.1; AOLBuild 4334.5006; Windows NT 5.1; GTB6; .NET CLR 2.0.50727; .NET CLR 3.0.4506.2152; .NET CLR 3.5.30729)"
207.200.116.131 - - [04/Sep/2009:12:31:24 -0700] "GET www.suzanwoodruff.com/selectedworks/thumbs/3/redshift2g.jpg HTTP/1.1" 200 7601 "http://www.suzanwoodruff.com/works3.html" "Mozilla/4.0 (compatible; MSIE 7.0; AOL 9.1; AOLBuild 4334.5006; Windows NT 5.1; GTB6; .NET CLR 2.0.50727; .NET CLR 3.0.4506.2152; .NET CLR 3.5.30729)"
207.200.116.66 - - [04/Sep/2009:12:31:24 -0700] "GET www.suzanwoodruff.com/selectedworks/thumbs/3/solarwindg.jpg HTTP/1.1" 200 9055 "http://www.suzanwoodruff.com/works3.html" "Mozilla/4.0 (compatible; MSIE 7.0; AOL 9.1; AOLBuild 4334.5006; Windows NT 5.1; GTB6; .NET CLR 2.0.50727; .NET CLR 3.0.4506.2152; .NET CLR 3.5.30729)"
207.200.116.5 - - [04/Sep/2009:12:31:25 -0700] "GET www.suzanwoodruff.com/selectedworks/thumbs/3/whitelightfringe_tn.jpg HTTP/1.1" 200 9865 "http://www.suzanwoodruff.com/works3.html" "Mozilla/4.0 (compatible; MSIE 7.0; AOL 9.1; AOLBuild 4334.5006; Windows NT 5.1; GTB6; .NET CLR 2.0.50727; .NET CLR 3.0.4506.2152; .NET CLR 3.5.30729)"
207.200.116.6 - - [04/Sep/2009:12:31:25 -0700] "GET www.suzanwoodruff.com/selectedworks/thumbs/3/negativefraction2g.jpg HTTP/1.1" 200 6548 "http://www.suzanwoodruff.com/works3.html" "Mozilla/4.0 (compatible; MSIE 7.0; AOL 9.1; AOLBuild 4334.5006; Windows NT 5.1; GTB6; .NET CLR 2.0.50727; .NET CLR 3.0.4506.2152; .NET CLR 3.5.30729)"
207.200.116.131 - - [04/Sep/2009:12:31:25 -0700] "GET www.suzanwoodruff.com/selectedworks/thumbs/3/sepapug.jpg HTTP/1.1" 200 7484 "http://www.suzanwoodruff.com/works3.html" "Mozilla/4.0 (compatible; MSIE 7.0; AOL 9.1; AOLBuild 4334.5006; Windows NT 5.1; GTB6; .NET CLR 2.0.50727; .NET CLR 3.0.4506.2152; .NET CLR 3.5.30729)"
207.200.116.5 - - [04/Sep/2009:12:31:33 -0700] "GET www.suzanwoodruff.com/selectedworks/images/3/Negativefraction2g.jpg HTTP/1.1" 200 115971 "http://www.suzanwoodruff.com/works3.html" "Mozilla/4.0 (compatible; MSIE 7.0; AOL 9.1; AOLBuild 4334.5006; Windows NT 5.1; GTB6; .NET CLR 2.0.50727; .NET CLR 3.0.4506.2152; .NET CLR 3.5.30729)"
207.200.116.130 - - [04/Sep/2009:12:31:43 -0700] "GET www.suzanwoodruff.com/works2.html HTTP/1.1" 200 6060 "http://www.suzanwoodruff.com/works3.html" "Mozilla/4.0 (compatible; MSIE 7.0; AOL 9.1; AOLBuild 4334.5006; Windows NT 5.1; GTB6; .NET CLR 2.0.50727; .NET CLR 3.0.4506.2152; .NET CLR 3.5.30729)"
207.200.116.68 - - [04/Sep/2009:12:31:44 -0700] "GET www.suzanwoodruff.com/selectedworks/thumbs/2/thestructureofcrystalsg.jpg HTTP/1.1" 200 7455 "http://www.suzanwoodruff.com/works2.html" "Mozilla/4.0 (compatible; MSIE 7.0; AOL 9.1; AOLBuild 4334.5006; Windows NT 5.1; GTB6; .NET CLR 2.0.50727; .NET CLR 3.0.4506.2152; .NET CLR 3.5.30729)"
207.200.116.134 - - [04/Sep/2009:12:31:44 -0700] "GET www.suzanwoodruff.com/selectedworks/thumbs/2/cascadeofparticles05g.jpg HTTP/1.1" 200 5962 "http://www.suzanwoodruff.com/works2.html" "Mozilla/4.0 (compatible; MSIE 7.0; AOL 9.1; AOLBuild 4334.5006; Windows NT 5.1; GTB6; .NET CLR 2.0.50727; .NET CLR 3.0.4506.2152; .NET CLR 3.5.30729)"
207.200.116.71 - - [04/Sep/2009:12:31:44 -0700] "GET www.suzanwoodruff.com/selectedworks/thumbs/2/tantrag.jpg HTTP/1.1" 200 15222 "http://www.suzanwoodruff.com/works2.html" "Mozilla/4.0 (compatible; MSIE 7.0; AOL 9.1; AOLBuild 4334.5006; Windows NT 5.1; GTB6; .NET CLR 2.0.50727; .NET CLR 3.0.4506.2152; .NET CLR 3.5.30729)"
207.200.116.5 - - [04/Sep/2009:12:31:44 -0700] "GET www.suzanwoodruff.com/selectedworks/images/2/Tantrag.jpg HTTP/1.1" 200 131688 "http://www.suzanwoodruff.com/works2.html" "Mozilla/4.0 (compatible; MSIE 7.0; AOL 9.1; AOLBuild 4334.5006; Windows NT 5.1; GTB6; .NET CLR 2.0.50727; .NET CLR 3.0.4506.2152; .NET CLR 3.5.30729)"
207.200.116.12 - - [04/Sep/2009:12:31:44 -0700] "GET www.suzanwoodruff.com/selectedworks/thumbs/2/relativemotiong.jpg HTTP/1.1" 200 7170 "http://www.suzanwoodruff.com/works2.html" "Mozilla/4.0 (compatible; MSIE 7.0; AOL 9.1; AOLBuild 4334.5006; Windows NT 5.1; GTB6; .NET CLR 2.0.50727; .NET CLR 3.0.4506.2152; .NET CLR 3.5.30729)"
207.200.116.65 - - [04/Sep/2009:12:31:44 -0700] "GET www.suzanwoodruff.com/selectedworks/thumbs/2/negativefractiong.jpg HTTP/1.1" 200 7625 "http://www.suzanwoodruff.com/works2.html" "Mozilla/4.0 (compatible; MSIE 7.0; AOL 9.1; AOLBuild 4334.5006; Windows NT 5.1; GTB6; .NET CLR 2.0.50727; .NET CLR 3.0.4506.2152; .NET CLR 3.5.30729)"
207.200.116.74 - - [04/Sep/2009:12:31:45 -0700] "GET www.suzanwoodruff.com/selectedworks/thumbs/2/danksisg.jpg HTTP/1.1" 200 6212 "http://www.suzanwoodruff.com/works2.html" "Mozilla/4.0 (compatible; MSIE 7.0; AOL 9.1; AOLBuild 4334.5006; Windows NT 5.1; GTB6; .NET CLR 2.0.50727; .NET CLR 3.0.4506.2152; .NET CLR 3.5.30729)"
207.200.116.135 - - [04/Sep/2009:12:31:45 -0700] "GET www.suzanwoodruff.com/selectedworks/thumbs/2/sutrastringg.jpg HTTP/1.1" 200 8396 "http://www.suzanwoodruff.com/works2.html" "Mozilla/4.0 (compatible; MSIE 7.0; AOL 9.1; AOLBuild 4334.5006; Windows NT 5.1; GTB6; .NET CLR 2.0.50727; .NET CLR 3.0.4506.2152; .NET CLR 3.5.30729)"
207.200.116.11 - - [04/Sep/2009:12:31:45 -0700] "GET www.suzanwoodruff.com/selectedworks/thumbs/2/stringtheroyg.jpg HTTP/1.1" 200 6797 "http://www.suzanwoodruff.com/works2.html" "Mozilla/4.0 (compatible; MSIE 7.0; AOL 9.1; AOLBuild 4334.5006; Windows NT 5.1; GTB6; .NET CLR 2.0.50727; .NET CLR 3.0.4506.2152; .NET CLR 3.5.30729)"
207.200.116.139 - - [04/Sep/2009:12:31:45 -0700] "GET www.suzanwoodruff.com/selectedworks/thumbs/2/molecularbandsg.jpg HTTP/1.1" 200 9087 "http://www.suzanwoodruff.com/works2.html" "Mozilla/4.0 (compatible; MSIE 7.0; AOL 9.1; AOLBuild 4334.5006; Windows NT 5.1; GTB6; .NET CLR 2.0.50727; .NET CLR 3.0.4506.2152; .NET CLR 3.5.30729)"
207.200.116.65 - - [04/Sep/2009:12:31:55 -0700] "GET www.suzanwoodruff.com/selectedworks/images/3/CopperBloomg.jpg HTTP/1.1" 200 233872 "http://www.suzanwoodruff.com/works3.html" "Mozilla/4.0 (compatible; MSIE 7.0; AOL 9.1; AOLBuild 4334.5006; Windows NT 5.1; GTB6; .NET CLR 2.0.50727; .NET CLR 3.0.4506.2152; .NET CLR 3.5.30729)"
207.200.116.130 - - [04/Sep/2009:12:32:14 -0700] "GET www.suzanwoodruff.com/works2.html HTTP/1.1" 200 6060 "http://www.suzanwoodruff.com/works3.html" "Mozilla/4.0 (compatible; MSIE 7.0; AOL 9.1; AOLBuild 4334.5006; Windows NT 5.1; GTB6; .NET CLR 2.0.50727; .NET CLR 3.0.4506.2152; .NET CLR 3.5.30729)"
207.200.116.72 - - [04/Sep/2009:12:32:22 -0700] "GET www.suzanwoodruff.com/selectedworks/images/2/Sutrastringg.jpg HTTP/1.1" 200 171926 "http://www.suzanwoodruff.com/works2.html" "Mozilla/4.0 (compatible; MSIE 7.0; AOL 9.1; AOLBuild 4334.5006; Windows NT 5.1; GTB6; .NET CLR 2.0.50727; .NET CLR 3.0.4506.2152; .NET CLR 3.5.30729)"
207.200.116.138 - - [04/Sep/2009:12:32:34 -0700] "GET www.suzanwoodruff.com/works1.html HTTP/1.1" 200 6179 "http://www.suzanwoodruff.com/works2.html" "Mozilla/4.0 (compatible; MSIE 7.0; AOL 9.1; AOLBuild 4334.5006; Windows NT 5.1; GTB6; .NET CLR 2.0.50727; .NET CLR 3.0.4506.2152; .NET CLR 3.5.30729)"
207.200.116.135 - - [04/Sep/2009:12:32:35 -0700] "GET www.suzanwoodruff.com/selectedworks/thumbs/1/icestormg.jpg HTTP/1.1" 200 5299 "http://www.suzanwoodruff.com/works1.html" "Mozilla/4.0 (compatible; MSIE 7.0; AOL 9.1; AOLBuild 4334.5006; Windows NT 5.1; GTB6; .NET CLR 2.0.50727; .NET CLR 3.0.4506.2152; .NET CLR 3.5.30729)"
207.200.116.8 - - [04/Sep/2009:12:32:35 -0700] "GET www.suzanwoodruff.com/selectedworks/thumbs/1/matterasmetaphorg.jpg HTTP/1.1" 200 5420 "http://www.suzanwoodruff.com/works1.html" "Mozilla/4.0 (compatible; MSIE 7.0; AOL 9.1; AOLBuild 4334.5006; Windows NT 5.1; GTB6; .NET CLR 2.0.50727; .NET CLR 3.0.4506.2152; .NET CLR 3.5.30729)"
207.200.116.134 - - [04/Sep/2009:12:32:35 -0700] "GET www.suzanwoodruff.com/selectedworks/thumbs/1/lustrationg.jpg HTTP/1.1" 200 6175 "http://www.suzanwoodruff.com/works1.html" "Mozilla/4.0 (compatible; MSIE 7.0; AOL 9.1; AOLBuild 4334.5006; Windows NT 5.1; GTB6; .NET CLR 2.0.50727; .NET CLR 3.0.4506.2152; .NET CLR 3.5.30729)"
207.200.116.134 - - [04/Sep/2009:12:32:35 -0700] "GET www.suzanwoodruff.com/selectedworks/images/1/Icestormg.jpg HTTP/1.1" 200 148176 "http://www.suzanwoodruff.com/works1.html" "Mozilla/4.0 (compatible; MSIE 7.0; AOL 9.1; AOLBuild 4334.5006; Windows NT 5.1; GTB6; .NET CLR 2.0.50727; .NET CLR 3.0.4506.2152; .NET CLR 3.5.30729)"
207.200.116.66 - - [04/Sep/2009:12:32:35 -0700] "GET www.suzanwoodruff.com/selectedworks/thumbs/1/monsoon1g.jpg HTTP/1.1" 200 6402 "http://www.suzanwoodruff.com/works1.html" "Mozilla/4.0 (compatible; MSIE 7.0; AOL 9.1; AOLBuild 4334.5006; Windows NT 5.1; GTB6; .NET CLR 2.0.50727; .NET CLR 3.0.4506.2152; .NET CLR 3.5.30729)"
207.200.116.68 - - [04/Sep/2009:12:32:35 -0700] "GET www.suzanwoodruff.com/selectedworks/thumbs/1/monsoon3g.jpg HTTP/1.1" 200 5391 "http://www.suzanwoodruff.com/works1.html" "Mozilla/4.0 (compatible; MSIE 7.0; AOL 9.1; AOLBuild 4334.5006; Windows NT 5.1; GTB6; .NET CLR 2.0.50727; .NET CLR 3.0.4506.2152; .NET CLR 3.5.30729)"
207.200.116.67 - - [04/Sep/2009:12:32:35 -0700] "GET www.suzanwoodruff.com/selectedworks/thumbs/1/monsoon2g.jpg HTTP/1.1" 200 6421 "http://www.suzanwoodruff.com/works1.html" "Mozilla/4.0 (compatible; MSIE 7.0; AOL 9.1; AOLBuild 4334.5006; Windows NT 5.1; GTB6; .NET CLR 2.0.50727; .NET CLR 3.0.4506.2152; .NET CLR 3.5.30729)"
207.200.116.14 - - [04/Sep/2009:12:32:35 -0700] "GET www.suzanwoodruff.com/selectedworks/thumbs/1/curvedspace05g.jpg HTTP/1.1" 200 5834 "http://www.suzanwoodruff.com/works1.html" "Mozilla/4.0 (compatible; MSIE 7.0; AOL 9.1; AOLBuild 4334.5006; Windows NT 5.1; GTB6; .NET CLR 2.0.50727; .NET CLR 3.0.4506.2152; .NET CLR 3.5.30729)"
207.200.116.130 - - [04/Sep/2009:12:32:36 -0700] "GET www.suzanwoodruff.com/selectedworks/thumbs/1/gravityfieldsg.jpg HTTP/1.1" 200 7524 "http://www.suzanwoodruff.com/works1.html" "Mozilla/4.0 (compatible; MSIE 7.0; AOL 9.1; AOLBuild 4334.5006; Windows NT 5.1; GTB6; .NET CLR 2.0.50727; .NET CLR 3.0.4506.2152; .NET CLR 3.5.30729)"
207.200.116.67 - - [04/Sep/2009:12:32:36 -0700] "GET www.suzanwoodruff.com/selectedworks/thumbs/1/particlewave2g.jpg HTTP/1.1" 200 7609 "http://www.suzanwoodruff.com/works1.html" "Mozilla/4.0 (compatible; MSIE 7.0; AOL 9.1; AOLBuild 4334.5006; Windows NT 5.1; GTB6; .NET CLR 2.0.50727; .NET CLR 3.0.4506.2152; .NET CLR 3.5.30729)"
207.200.116.5 - - [04/Sep/2009:12:32:36 -0700] "GET www.suzanwoodruff.com/selectedworks/thumbs/1/lightandmatter2g.jpg HTTP/1.1" 200 7529 "http://www.suzanwoodruff.com/works1.html" "Mozilla/4.0 (compatible; MSIE 7.0; AOL 9.1; AOLBuild 4334.5006; Windows NT 5.1; GTB6; .NET CLR 2.0.50727; .NET CLR 3.0.4506.2152; .NET CLR 3.5.30729)"
207.200.116.72 - - [04/Sep/2009:12:32:43 -0700] "GET www.suzanwoodruff.com/selectedworks/images/1/Gravityfieldsg.jpg HTTP/1.1" 200 178628 "http://www.suzanwoodruff.com/works1.html" "Mozilla/4.0 (compatible; MSIE 7.0; AOL 9.1; AOLBuild 4334.5006; Windows NT 5.1; GTB6; .NET CLR 2.0.50727; .NET CLR 3.0.4506.2152; .NET CLR 3.5.30729)"
207.200.116.14 - - [04/Sep/2009:12:32:50 -0700] "GET www.suzanwoodruff.com/works.html HTTP/1.1" 200 6091 "http://www.suzanwoodruff.com/works1.html" "Mozilla/4.0 (compatible; MSIE 7.0; AOL 9.1; AOLBuild 4334.5006; Windows NT 5.1; GTB6; .NET CLR 2.0.50727; .NET CLR 3.0.4506.2152; .NET CLR 3.5.30729)"
207.200.116.14 - - [04/Sep/2009:12:50:05 -0700] "GET www.suzanwoodruff.com/selectedworks/images/9/Tantra.jpg HTTP/1.1" 200 187488 "http://www.suzanwoodruff.com/works.html" "Mozilla/4.0 (compatible; MSIE 7.0; AOL 9.1; AOLBuild 4334.5006; Windows NT 5.1; GTB6; .NET CLR 2.0.50727; .NET CLR 3.0.4506.2152; .NET CLR 3.5.30729)"
207.200.116.10 - - [04/Sep/2009:12:50:11 -0700] "GET www.suzanwoodruff.com/works8.html HTTP/1.1" 200 6157 "http://www.suzanwoodruff.com/works.html" "Mozilla/4.0 (compatible; MSIE 7.0; AOL 9.1; AOLBuild 4334.5006; Windows NT 5.1; GTB6; .NET CLR 2.0.50727; .NET CLR 3.0.4506.2152; .NET CLR 3.5.30729)"
207.200.116.68 - - [04/Sep/2009:12:51:52 -0700] "GET www.suzanwoodruff.com/selectedworks/images/8/JuniperII.jpg HTTP/1.1" 200 231597 "http://www.suzanwoodruff.com/works8.html" "Mozilla/4.0 (compatible; MSIE 7.0; AOL 9.1; AOLBuild 4334.5006; Windows NT 5.1; GTB6; .NET CLR 2.0.50727; .NET CLR 3.0.4506.2152; .NET CLR 3.5.30729)"
207.200.116.10 - - [04/Sep/2009:12:56:37 -0700] "GET www.suzanwoodruff.com/works8.html HTTP/1.1" 200 6157 "http://www.suzanwoodruff.com/works.html" "Mozilla/4.0 (compatible; MSIE 7.0; AOL 9.1; AOLBuild 4334.5006; Windows NT 5.1; GTB6; .NET CLR 2.0.50727; .NET CLR 3.0.4506.2152; .NET CLR 3.5.30729)"
207.200.116.9 - - [04/Sep/2009:12:56:47 -0700] "GET www.suzanwoodruff.com/works7.html HTTP/1.1" 200 6160 "http://www.suzanwoodruff.com/works8.html" "Mozilla/4.0 (compatible; MSIE 7.0; AOL 9.1; AOLBuild 4334.5006; Windows NT 5.1; GTB6; .NET CLR 2.0.50727; .NET CLR 3.0.4506.2152; .NET CLR 3.5.30729)"
207.200.116.8 - - [04/Sep/2009:12:56:56 -0700] "GET www.suzanwoodruff.com/works6.html HTTP/1.1" 200 6059 "http://www.suzanwoodruff.com/works7.html" "Mozilla/4.0 (compatible; MSIE 7.0; AOL 9.1; AOLBuild 4334.5006; Windows NT 5.1; GTB6; .NET CLR 2.0.50727; .NET CLR 3.0.4506.2152; .NET CLR 3.5.30729)"
71.106.0.251 - - [04/Sep/2009:12:57:44 -0700] "GET www.suzanwoodruff.com/selectedworks/images/9/Aquaticghost.jpg HTTP/1.1" 200 34819 "http://www.suzanwoodruff.com/works.html" "Mozilla/4.0 (compatible; MSIE 7.0; AOL 9.1; AOLBuild 4334.5006; Windows NT 5.1; GTB6; .NET CLR 2.0.50727; .NET CLR 3.0.4506.2152; .NET CLR 3.5.30729)"
207.200.116.132 - - [04/Sep/2009:12:57:44 -0700] "GET www.suzanwoodruff.com/selectedworks/images/9/Aquaticghost.jpg HTTP/1.1" 200 168891 "http://www.suzanwoodruff.com/works.html" "Mozilla/4.0 (compatible; MSIE 7.0; AOL 9.1; AOLBuild 4334.5006; Windows NT 5.1; GTB6; .NET CLR 2.0.50727; .NET CLR 3.0.4506.2152; .NET CLR 3.5.30729)"
207.200.116.10 - - [04/Sep/2009:12:58:02 -0700] "GET www.suzanwoodruff.com/works8.html HTTP/1.1" 200 6157 "http://www.suzanwoodruff.com/works.html" "Mozilla/4.0 (compatible; MSIE 7.0; AOL 9.1; AOLBuild 4334.5006; Windows NT 5.1; GTB6; .NET CLR 2.0.50727; .NET CLR 3.0.4506.2152; .NET CLR 3.5.30729)"
207.200.116.74 - - [04/Sep/2009:12:58:29 -0700] "GET www.suzanwoodruff.com/selectedworks/images/8/EvanescentWave.jpg HTTP/1.1" 200 263657 "http://www.suzanwoodruff.com/works8.html" "Mozilla/4.0 (compatible; MSIE 7.0; AOL 9.1; AOLBuild 4334.5006; Windows NT 5.1; GTB6; .NET CLR 2.0.50727; .NET CLR 3.0.4506.2152; .NET CLR 3.5.30729)"
207.200.116.9 - - [04/Sep/2009:12:59:53 -0700] "GET www.suzanwoodruff.com/works7.html HTTP/1.1" 200 6160 "http://www.suzanwoodruff.com/works8.html" "Mozilla/4.0 (compatible; MSIE 7.0; AOL 9.1; AOLBuild 4334.5006; Windows NT 5.1; GTB6; .NET CLR 2.0.50727; .NET CLR 3.0.4506.2152; .NET CLR 3.5.30729)"
207.200.116.8 - - [04/Sep/2009:13:00:11 -0700] "GET www.suzanwoodruff.com/works6.html HTTP/1.1" 200 6059 "http://www.suzanwoodruff.com/works7.html" "Mozilla/4.0 (compatible; MSIE 7.0; AOL 9.1; AOLBuild 4334.5006; Windows NT 5.1; GTB6; .NET CLR 2.0.50727; .NET CLR 3.0.4506.2152; .NET CLR 3.5.30729)"
207.200.116.7 - - [04/Sep/2009:13:00:14 -0700] "GET www.suzanwoodruff.com/works5.html HTTP/1.1" 200 6200 "http://www.suzanwoodruff.com/works6.html" "Mozilla/4.0 (compatible; MSIE 7.0; AOL 9.1; AOLBuild 4334.5006; Windows NT 5.1; GTB6; .NET CLR 2.0.50727; .NET CLR 3.0.4506.2152; .NET CLR 3.5.30729)"
207.200.116.6 - - [04/Sep/2009:13:00:22 -0700] "GET www.suzanwoodruff.com/works4.html HTTP/1.1" 200 5977 "http://www.suzanwoodruff.com/works5.html" "Mozilla/4.0 (compatible; MSIE 7.0; AOL 9.1; AOLBuild 4334.5006; Windows NT 5.1; GTB6; .NET CLR 2.0.50727; .NET CLR 3.0.4506.2152; .NET CLR 3.5.30729)"
207.200.116.5 - - [04/Sep/2009:13:00:24 -0700] "GET www.suzanwoodruff.com/works3.html HTTP/1.1" 200 6038 "http://www.suzanwoodruff.com/works4.html" "Mozilla/4.0 (compatible; MSIE 7.0; AOL 9.1; AOLBuild 4334.5006; Windows NT 5.1; GTB6; .NET CLR 2.0.50727; .NET CLR 3.0.4506.2152; .NET CLR 3.5.30729)"
207.200.116.130 - - [04/Sep/2009:13:00:27 -0700] "GET www.suzanwoodruff.com/works2.html HTTP/1.1" 200 6060 "http://www.suzanwoodruff.com/works3.html" "Mozilla/4.0 (compatible; MSIE 7.0; AOL 9.1; AOLBuild 4334.5006; Windows NT 5.1; GTB6; .NET CLR 2.0.50727; .NET CLR 3.0.4506.2152; .NET CLR 3.5.30729)"
207.200.116.138 - - [04/Sep/2009:13:00:29 -0700] "GET www.suzanwoodruff.com/works1.html HTTP/1.1" 200 6179 "http://www.suzanwoodruff.com/works2.html" "Mozilla/4.0 (compatible; MSIE 7.0; AOL 9.1; AOLBuild 4334.5006; Windows NT 5.1; GTB6; .NET CLR 2.0.50727; .NET CLR 3.0.4506.2152; .NET CLR 3.5.30729)"
207.200.116.14 - - [04/Sep/2009:13:00:31 -0700] "GET www.suzanwoodruff.com/works.html HTTP/1.1" 200 6091 "http://www.suzanwoodruff.com/works1.html" "Mozilla/4.0 (compatible; MSIE 7.0; AOL 9.1; AOLBuild 4334.5006; Windows NT 5.1; GTB6; .NET CLR 2.0.50727; .NET CLR 3.0.4506.2152; .NET CLR 3.5.30729)"
207.200.116.10 - - [04/Sep/2009:13:00:33 -0700] "GET www.suzanwoodruff.com/works8.html HTTP/1.1" 200 6157 "http://www.suzanwoodruff.com/works.html" "Mozilla/4.0 (compatible; MSIE 7.0; AOL 9.1; AOLBuild 4334.5006; Windows NT 5.1; GTB6; .NET CLR 2.0.50727; .NET CLR 3.0.4506.2152; .NET CLR 3.5.30729)"
207.200.116.9 - - [04/Sep/2009:13:01:29 -0700] "GET www.suzanwoodruff.com/works7.html HTTP/1.1" 200 6160 "http://www.suzanwoodruff.com/works8.html" "Mozilla/4.0 (compatible; MSIE 7.0; AOL 9.1; AOLBuild 4334.5006; Windows NT 5.1; GTB6; .NET CLR 2.0.50727; .NET CLR 3.0.4506.2152; .NET CLR 3.5.30729)"
207.200.116.6 - - [04/Sep/2009:13:02:50 -0700] "GET www.suzanwoodruff.com/selectedworks/images/9/Orobelle.jpg HTTP/1.1" 200 275473 "http://www.suzanwoodruff.com/works.html" "Mozilla/4.0 (compatible; MSIE 7.0; AOL 9.1; AOLBuild 4334.5006; Windows NT 5.1; GTB6; .NET CLR 2.0.50727; .NET CLR 3.0.4506.2152; .NET CLR 3.5.30729)"
207.200.116.66 - - [04/Sep/2009:13:02:56 -0700] "GET www.suzanwoodruff.com/selectedworks/images/9/Buda.jpg HTTP/1.1" 200 237406 "http://www.suzanwoodruff.com/works.html" "Mozilla/4.0 (compatible; MSIE 7.0; AOL 9.1; AOLBuild 4334.5006; Windows NT 5.1; GTB6; .NET CLR 2.0.50727; .NET CLR 3.0.4506.2152; .NET CLR 3.5.30729)"
207.200.116.14 - - [04/Sep/2009:13:03:34 -0700] "GET www.suzanwoodruff.com/selectedworks/images/9/Goldbug.jpg HTTP/1.1" 200 283610 "http://www.suzanwoodruff.com/works.html" "Mozilla/4.0 (compatible; MSIE 7.0; AOL 9.1; AOLBuild 4334.5006; Windows NT 5.1; GTB6; .NET CLR 2.0.50727; .NET CLR 3.0.4506.2152; .NET CLR 3.5.30729)"
207.200.116.10 - - [04/Sep/2009:13:03:41 -0700] "GET www.suzanwoodruff.com/works8.html HTTP/1.1" 200 6157 "http://www.suzanwoodruff.com/works.html" "Mozilla/4.0 (compatible; MSIE 7.0; AOL 9.1; AOLBuild 4334.5006; Windows NT 5.1; GTB6; .NET CLR 2.0.50727; .NET CLR 3.0.4506.2152; .NET CLR 3.5.30729)"
207.200.116.11 - - [04/Sep/2009:13:03:50 -0700] "GET www.suzanwoodruff.com/selectedworks/images/8/RedDragon.jpg HTTP/1.1" 200 167566 "http://www.suzanwoodruff.com/works8.html" "Mozilla/4.0 (compatible; MSIE 7.0; AOL 9.1; AOLBuild 4334.5006; Windows NT 5.1; GTB6; .NET CLR 2.0.50727; .NET CLR 3.0.4506.2152; .NET CLR 3.5.30729)"
207.200.116.139 - - [04/Sep/2009:13:04:05 -0700] "GET www.suzanwoodruff.com/selectedworks/images/8/WaterDreams.jpg HTTP/1.1" 200 168045 "http://www.suzanwoodruff.com/works8.html" "Mozilla/4.0 (compatible; MSIE 7.0; AOL 9.1; AOLBuild 4334.5006; Windows NT 5.1; GTB6; .NET CLR 2.0.50727; .NET CLR 3.0.4506.2152; .NET CLR 3.5.30729)"
207.200.116.65 - - [04/Sep/2009:13:04:14 -0700] "GET www.suzanwoodruff.com/selectedworks/images/8/Demeter.jpg HTTP/1.1" 200 240365 "http://www.suzanwoodruff.com/works8.html" "Mozilla/4.0 (compatible; MSIE 7.0; AOL 9.1; AOLBuild 4334.5006; Windows NT 5.1; GTB6; .NET CLR 2.0.50727; .NET CLR 3.0.4506.2152; .NET CLR 3.5.30729)"
207.200.116.12 - - [04/Sep/2009:13:04:32 -0700] "GET www.suzanwoodruff.com/selectedworks/images/8/Dreamattheopera.jpg HTTP/1.1" 200 257059 "http://www.suzanwoodruff.com/works8.html" "Mozilla/4.0 (compatible; MSIE 7.0; AOL 9.1; AOLBuild 4334.5006; Windows NT 5.1; GTB6; .NET CLR 2.0.50727; .NET CLR 3.0.4506.2152; .NET CLR 3.5.30729)"
207.200.116.11 - - [04/Sep/2009:13:04:44 -0700] "GET www.suzanwoodruff.com/selectedworks/images/8/Aquallight.jpg HTTP/1.1" 200 201564 "http://www.suzanwoodruff.com/works8.html" "Mozilla/4.0 (compatible; MSIE 7.0; AOL 9.1; AOLBuild 4334.5006; Windows NT 5.1; GTB6; .NET CLR 2.0.50727; .NET CLR 3.0.4506.2152; .NET CLR 3.5.30729)"
207.200.116.9 - - [04/Sep/2009:13:04:56 -0700] "GET www.suzanwoodruff.com/works7.html HTTP/1.1" 200 6160 "http://www.suzanwoodruff.com/works8.html" "Mozilla/4.0 (compatible; MSIE 7.0; AOL 9.1; AOLBuild 4334.5006; Windows NT 5.1; GTB6; .NET CLR 2.0.50727; .NET CLR 3.0.4506.2152; .NET CLR 3.5.30729)"
207.200.116.5 - - [04/Sep/2009:13:05:41 -0700] "GET www.suzanwoodruff.com/selectedworks/images/7/Big-Deep.jpg HTTP/1.1" 200 119145 "http://www.suzanwoodruff.com/works7.html" "Mozilla/4.0 (compatible; MSIE 7.0; AOL 9.1; AOLBuild 4334.5006; Windows NT 5.1; GTB6; .NET CLR 2.0.50727; .NET CLR 3.0.4506.2152; .NET CLR 3.5.30729)"
207.200.116.8 - - [04/Sep/2009:13:06:20 -0700] "GET www.suzanwoodruff.com/works6.html HTTP/1.1" 200 6059 "http://www.suzanwoodruff.com/works7.html" "Mozilla/4.0 (compatible; MSIE 7.0; AOL 9.1; AOLBuild 4334.5006; Windows NT 5.1; GTB6; .NET CLR 2.0.50727; .NET CLR 3.0.4506.2152; .NET CLR 3.5.30729)"
207.200.116.7 - - [04/Sep/2009:13:06:34 -0700] "GET www.suzanwoodruff.com/works5.html HTTP/1.1" 200 6200 "http://www.suzanwoodruff.com/works6.html" "Mozilla/4.0 (compatible; MSIE 7.0; AOL 9.1; AOLBuild 4334.5006; Windows NT 5.1; GTB6; .NET CLR 2.0.50727; .NET CLR 3.0.4506.2152; .NET CLR 3.5.30729)"
207.200.116.6 - - [04/Sep/2009:13:06:37 -0700] "GET www.suzanwoodruff.com/works4.html HTTP/1.1" 200 5977 "http://www.suzanwoodruff.com/works5.html" "Mozilla/4.0 (compatible; MSIE 7.0; AOL 9.1; AOLBuild 4334.5006; Windows NT 5.1; GTB6; .NET CLR 2.0.50727; .NET CLR 3.0.4506.2152; .NET CLR 3.5.30729)"
207.200.116.136 - - [04/Sep/2009:13:06:52 -0700] "GET www.suzanwoodruff.com/selectedworks/images/4/Darksistersg.jpg HTTP/1.1" 200 152843 "http://www.suzanwoodruff.com/works4.html" "Mozilla/4.0 (compatible; MSIE 7.0; AOL 9.1; AOLBuild 4334.5006; Windows NT 5.1; GTB6; .NET CLR 2.0.50727; .NET CLR 3.0.4506.2152; .NET CLR 3.5.30729)"
207.200.116.67 - - [04/Sep/2009:13:07:56 -0700] "GET www.suzanwoodruff.com/selectedworks/images/7/Nebulous.jpg HTTP/1.1" 200 145233 "http://www.suzanwoodruff.com/works7.html" "Mozilla/4.0 (compatible; MSIE 7.0; AOL 9.1; AOLBuild 4334.5006; Windows NT 5.1; GTB6; .NET CLR 2.0.50727; .NET CLR 3.0.4506.2152; .NET CLR 3.5.30729)"
207.200.116.8 - - [04/Sep/2009:13:08:19 -0700] "GET www.suzanwoodruff.com/works6.html HTTP/1.1" 200 6059 "http://www.suzanwoodruff.com/works7.html" "Mozilla/4.0 (compatible; MSIE 7.0; AOL 9.1; AOLBuild 4334.5006; Windows NT 5.1; GTB6; .NET CLR 2.0.50727; .NET CLR 3.0.4506.2152; .NET CLR 3.5.30729)"
207.200.116.7 - - [04/Sep/2009:13:08:32 -0700] "GET www.suzanwoodruff.com/works5.html HTTP/1.1" 200 6200 "http://www.suzanwoodruff.com/works6.html" "Mozilla/4.0 (compatible; MSIE 7.0; AOL 9.1; AOLBuild 4334.5006; Windows NT 5.1; GTB6; .NET CLR 2.0.50727; .NET CLR 3.0.4506.2152; .NET CLR 3.5.30729)"
207.200.116.6 - - [04/Sep/2009:13:08:39 -0700] "GET www.suzanwoodruff.com/works4.html HTTP/1.1" 200 5977 "http://www.suzanwoodruff.com/works5.html" "Mozilla/4.0 (compatible; MSIE 7.0; AOL 9.1; AOLBuild 4334.5006; Windows NT 5.1; GTB6; .NET CLR 2.0.50727; .NET CLR 3.0.4506.2152; .NET CLR 3.5.30729)"
207.200.116.67 - - [04/Sep/2009:13:08:49 -0700] "GET www.suzanwoodruff.com/selectedworks/images/4/Iontrapg.jpg HTTP/1.1" 200 155550 "http://www.suzanwoodruff.com/works4.html" "Mozilla/4.0 (compatible; MSIE 7.0; AOL 9.1; AOLBuild 4334.5006; Windows NT 5.1; GTB6; .NET CLR 2.0.50727; .NET CLR 3.0.4506.2152; .NET CLR 3.5.30729)"
207.200.116.5 - - [04/Sep/2009:13:08:57 -0700] "GET www.suzanwoodruff.com/works3.html HTTP/1.1" 200 6038 "http://www.suzanwoodruff.com/works4.html" "Mozilla/4.0 (compatible; MSIE 7.0; AOL 9.1; AOLBuild 4334.5006; Windows NT 5.1; GTB6; .NET CLR 2.0.50727; .NET CLR 3.0.4506.2152; .NET CLR 3.5.30729)"
207.200.116.130 - - [04/Sep/2009:13:09:05 -0700] "GET www.suzanwoodruff.com/works2.html HTTP/1.1" 200 6060 "http://www.suzanwoodruff.com/works3.html" "Mozilla/4.0 (compatible; MSIE 7.0; AOL 9.1; AOLBuild 4334.5006; Windows NT 5.1; GTB6; .NET CLR 2.0.50727; .NET CLR 3.0.4506.2152; .NET CLR 3.5.30729)"
207.200.116.138 - - [04/Sep/2009:13:09:24 -0700] "GET www.suzanwoodruff.com/works1.html HTTP/1.1" 200 6179 "http://www.suzanwoodruff.com/works2.html" "Mozilla/4.0 (compatible; MSIE 7.0; AOL 9.1; AOLBuild 4334.5006; Windows NT 5.1; GTB6; .NET CLR 2.0.50727; .NET CLR 3.0.4506.2152; .NET CLR 3.5.30729)"
207.200.116.9 - - [04/Sep/2009:13:09:38 -0700] "GET www.suzanwoodruff.com/selectedworks/images/2/Negativefractionsg.jpg HTTP/1.1" 200 189310 "http://www.suzanwoodruff.com/works2.html" "Mozilla/4.0 (compatible; MSIE 7.0; AOL 9.1; AOLBuild 4334.5006; Windows NT 5.1; GTB6; .NET CLR 2.0.50727; .NET CLR 3.0.4506.2152; .NET CLR 3.5.30729)"
207.200.116.10 - - [04/Sep/2009:13:10:32 -0700] "GET www.suzanwoodruff.com/selectedworks/images/2/Stringtheoryg.jpg HTTP/1.1" 200 155040 "http://www.suzanwoodruff.com/works2.html" "Mozilla/4.0 (compatible; MSIE 7.0; AOL 9.1; AOLBuild 4334.5006; Windows NT 5.1; GTB6; .NET CLR 2.0.50727; .NET CLR 3.0.4506.2152; .NET CLR 3.5.30729)"
207.200.116.8 - - [04/Sep/2009:13:12:08 -0700] "GET www.suzanwoodruff.com/works6.html HTTP/1.1" 200 6059 "http://www.suzanwoodruff.com/works7.html" "Mozilla/4.0 (compatible; MSIE 7.0; AOL 9.1; AOLBuild 4334.5006; Windows NT 5.1; GTB6; .NET CLR 2.0.50727; .NET CLR 3.0.4506.2152; .NET CLR 3.5.30729)"
207.200.116.7 - - [04/Sep/2009:13:12:15 -0700] "GET www.suzanwoodruff.com/works5.html HTTP/1.1" 200 6200 "http://www.suzanwoodruff.com/works6.html" "Mozilla/4.0 (compatible; MSIE 7.0; AOL 9.1; AOLBuild 4334.5006; Windows NT 5.1; GTB6; .NET CLR 2.0.50727; .NET CLR 3.0.4506.2152; .NET CLR 3.5.30729)"
207.200.116.6 - - [04/Sep/2009:13:12:38 -0700] "GET www.suzanwoodruff.com/works4.html HTTP/1.1" 200 5977 "http://www.suzanwoodruff.com/works5.html" "Mozilla/4.0 (compatible; MSIE 7.0; AOL 9.1; AOLBuild 4334.5006; Windows NT 5.1; GTB6; .NET CLR 2.0.50727; .NET CLR 3.0.4506.2152; .NET CLR 3.5.30729)"
207.200.116.8 - - [04/Sep/2009:13:13:45 -0700] "GET www.suzanwoodruff.com/works6.html HTTP/1.1" 200 6059 "http://www.suzanwoodruff.com/works7.html" "Mozilla/4.0 (compatible; MSIE 7.0; AOL 9.1; AOLBuild 4334.5006; Windows NT 5.1; GTB6; .NET CLR 2.0.50727; .NET CLR 3.0.4506.2152; .NET CLR 3.5.30729)"
207.200.116.7 - - [04/Sep/2009:13:15:24 -0700] "GET www.suzanwoodruff.com/works5.html HTTP/1.1" 200 6200 "http://www.suzanwoodruff.com/works6.html" "Mozilla/4.0 (compatible; MSIE 7.0; AOL 9.1; AOLBuild 4334.5006; Windows NT 5.1; GTB6; .NET CLR 2.0.50727; .NET CLR 3.0.4506.2152; .NET CLR 3.5.30729)"
207.200.116.14 - - [04/Sep/2009:13:15:34 -0700] "GET www.suzanwoodruff.com/selectedworks/images/5/JuniperIII.jpg HTTP/1.1" 200 216959 "http://www.suzanwoodruff.com/works5.html" "Mozilla/4.0 (compatible; MSIE 7.0; AOL 9.1; AOLBuild 4334.5006; Windows NT 5.1; GTB6; .NET CLR 2.0.50727; .NET CLR 3.0.4506.2152; .NET CLR 3.5.30729)"
207.200.116.66 - - [04/Sep/2009:13:15:42 -0700] "GET www.suzanwoodruff.com/selectedworks/images/5/OrobonitaI.jpg HTTP/1.1" 200 222500 "http://www.suzanwoodruff.com/works5.html" "Mozilla/4.0 (compatible; MSIE 7.0; AOL 9.1; AOLBuild 4334.5006; Windows NT 5.1; GTB6; .NET CLR 2.0.50727; .NET CLR 3.0.4506.2152; .NET CLR 3.5.30729)"
207.200.116.133 - - [04/Sep/2009:13:16:36 -0700] "GET www.suzanwoodruff.com/selectedworks/images/6/Luminosity.jpg HTTP/1.1" 200 168188 "http://www.suzanwoodruff.com/works6.html" "Mozilla/4.0 (compatible; MSIE 7.0; AOL 9.1; AOLBuild 4334.5006; Windows NT 5.1; GTB6; .NET CLR 2.0.50727; .NET CLR 3.0.4506.2152; .NET CLR 3.5.30729)"
207.200.116.7 - - [04/Sep/2009:13:17:15 -0700] "GET www.suzanwoodruff.com/works5.html HTTP/1.1" 200 6200 "http://www.suzanwoodruff.com/works6.html" "Mozilla/4.0 (compatible; MSIE 7.0; AOL 9.1; AOLBuild 4334.5006; Windows NT 5.1; GTB6; .NET CLR 2.0.50727; .NET CLR 3.0.4506.2152; .NET CLR 3.5.30729)"
207.200.116.6 - - [04/Sep/2009:13:17:18 -0700] "GET www.suzanwoodruff.com/works4.html HTTP/1.1" 200 5977 "http://www.suzanwoodruff.com/works5.html" "Mozilla/4.0 (compatible; MSIE 7.0; AOL 9.1; AOLBuild 4334.5006; Windows NT 5.1; GTB6; .NET CLR 2.0.50727; .NET CLR 3.0.4506.2152; .NET CLR 3.5.30729)"
207.200.116.5 - - [04/Sep/2009:13:17:21 -0700] "GET www.suzanwoodruff.com/works3.html HTTP/1.1" 200 6038 "http://www.suzanwoodruff.com/works4.html" "Mozilla/4.0 (compatible; MSIE 7.0; AOL 9.1; AOLBuild 4334.5006; Windows NT 5.1; GTB6; .NET CLR 2.0.50727; .NET CLR 3.0.4506.2152; .NET CLR 3.5.30729)"
207.200.116.130 - - [04/Sep/2009:13:17:26 -0700] "GET www.suzanwoodruff.com/works2.html HTTP/1.1" 200 6060 "http://www.suzanwoodruff.com/works3.html" "Mozilla/4.0 (compatible; MSIE 7.0; AOL 9.1; AOLBuild 4334.5006; Windows NT 5.1; GTB6; .NET CLR 2.0.50727; .NET CLR 3.0.4506.2152; .NET CLR 3.5.30729)"
71.106.0.251 - - [04/Sep/2009:13:17:36 -0700] "GET www.suzanwoodruff.com/works1.html HTTP/1.1" 200 6179 "http://www.suzanwoodruff.com/works2.html" "Mozilla/4.0 (compatible; MSIE 7.0; AOL 9.1; AOLBuild 4334.5006; Windows NT 5.1; GTB6; .NET CLR 2.0.50727; .NET CLR 3.0.4506.2152; .NET CLR 3.5.30729)"
207.200.116.138 - - [04/Sep/2009:13:17:36 -0700] "GET www.suzanwoodruff.com/works1.html HTTP/1.1" 200 6179 "http://www.suzanwoodruff.com/works2.html" "Mozilla/4.0 (compatible; MSIE 7.0; AOL 9.1; AOLBuild 4334.5006; Windows NT 5.1; GTB6; .NET CLR 2.0.50727; .NET CLR 3.0.4506.2152; .NET CLR 3.5.30729)"
207.200.116.139 - - [04/Sep/2009:13:18:06 -0700] "GET www.suzanwoodruff.com/selectedworks/images/6/Dakinis-IIg.jpg HTTP/1.1" 200 168408 "http://www.suzanwoodruff.com/works6.html" "Mozilla/4.0 (compatible; MSIE 7.0; AOL 9.1; AOLBuild 4334.5006; Windows NT 5.1; GTB6; .NET CLR 2.0.50727; .NET CLR 3.0.4506.2152; .NET CLR 3.5.30729)"
207.200.116.9 - - [04/Sep/2009:13:18:17 -0700] "GET www.suzanwoodruff.com/selectedworks/images/6/DemeterII.jpg HTTP/1.1" 200 261131 "http://www.suzanwoodruff.com/works6.html" "Mozilla/4.0 (compatible; MSIE 7.0; AOL 9.1; AOLBuild 4334.5006; Windows NT 5.1; GTB6; .NET CLR 2.0.50727; .NET CLR 3.0.4506.2152; .NET CLR 3.5.30729)"
207.200.116.65 - - [04/Sep/2009:13:18:25 -0700] "GET www.suzanwoodruff.com/selectedworks/images/6/Rembrandtshatg.jpg HTTP/1.1" 200 144972 "http://www.suzanwoodruff.com/works6.html" "Mozilla/4.0 (compatible; MSIE 7.0; AOL 9.1; AOLBuild 4334.5006; Windows NT 5.1; GTB6; .NET CLR 2.0.50727; .NET CLR 3.0.4506.2152; .NET CLR 3.5.30729)"
207.200.116.7 - - [04/Sep/2009:13:18:33 -0700] "GET www.suzanwoodruff.com/works5.html HTTP/1.1" 200 6200 "http://www.suzanwoodruff.com/works6.html" "Mozilla/4.0 (compatible; MSIE 7.0; AOL 9.1; AOLBuild 4334.5006; Windows NT 5.1; GTB6; .NET CLR 2.0.50727; .NET CLR 3.0.4506.2152; .NET CLR 3.5.30729)"
207.200.116.131 - - [04/Sep/2009:13:19:12 -0700] "GET www.suzanwoodruff.com/selectedworks/images/5/Vipassanag.jpg HTTP/1.1" 200 192406 "http://www.suzanwoodruff.com/works5.html" "Mozilla/4.0 (compatible; MSIE 7.0; AOL 9.1; AOLBuild 4334.5006; Windows NT 5.1; GTB6; .NET CLR 2.0.50727; .NET CLR 3.0.4506.2152; .NET CLR 3.5.30729)"
207.200.116.6 - - [04/Sep/2009:13:19:28 -0700] "GET www.suzanwoodruff.com/works4.html HTTP/1.1" 200 5977 "http://www.suzanwoodruff.com/works5.html" "Mozilla/4.0 (compatible; MSIE 7.0; AOL 9.1; AOLBuild 4334.5006; Windows NT 5.1; GTB6; .NET CLR 2.0.50727; .NET CLR 3.0.4506.2152; .NET CLR 3.5.30729)"
207.200.116.5 - - [04/Sep/2009:13:19:31 -0700] "GET www.suzanwoodruff.com/works3.html HTTP/1.1" 200 6038 "http://www.suzanwoodruff.com/works4.html" "Mozilla/4.0 (compatible; MSIE 7.0; AOL 9.1; AOLBuild 4334.5006; Windows NT 5.1; GTB6; .NET CLR 2.0.50727; .NET CLR 3.0.4506.2152; .NET CLR 3.5.30729)"
207.200.116.130 - - [04/Sep/2009:13:19:55 -0700] "GET www.suzanwoodruff.com/works2.html HTTP/1.1" 200 6060 "http://www.suzanwoodruff.com/works3.html" "Mozilla/4.0 (compatible; MSIE 7.0; AOL 9.1; AOLBuild 4334.5006; Windows NT 5.1; GTB6; .NET CLR 2.0.50727; .NET CLR 3.0.4506.2152; .NET CLR 3.5.30729)"
207.200.116.138 - - [04/Sep/2009:13:20:10 -0700] "GET www.suzanwoodruff.com/works1.html HTTP/1.1" 200 6179 "http://www.suzanwoodruff.com/works2.html" "Mozilla/4.0 (compatible; MSIE 7.0; AOL 9.1; AOLBuild 4334.5006; Windows NT 5.1; GTB6; .NET CLR 2.0.50727; .NET CLR 3.0.4506.2152; .NET CLR 3.5.30729)"
207.200.116.6 - - [04/Sep/2009:13:22:01 -0700] "GET www.suzanwoodruff.com/works4.html HTTP/1.1" 200 5977 "http://www.suzanwoodruff.com/works5.html" "Mozilla/4.0 (compatible; MSIE 7.0; AOL 9.1; AOLBuild 4334.5006; Windows NT 5.1; GTB6; .NET CLR 2.0.50727; .NET CLR 3.0.4506.2152; .NET CLR 3.5.30729)"
207.200.116.5 - - [04/Sep/2009:13:22:07 -0700] "GET www.suzanwoodruff.com/works3.html HTTP/1.1" 200 6038 "http://www.suzanwoodruff.com/works4.html" "Mozilla/4.0 (compatible; MSIE 7.0; AOL 9.1; AOLBuild 4334.5006; Windows NT 5.1; GTB6; .NET CLR 2.0.50727; .NET CLR 3.0.4506.2152; .NET CLR 3.5.30729)"
207.200.116.130 - - [04/Sep/2009:13:22:08 -0700] "GET www.suzanwoodruff.com/works2.html HTTP/1.1" 200 6060 "http://www.suzanwoodruff.com/works3.html" "Mozilla/4.0 (compatible; MSIE 7.0; AOL 9.1; AOLBuild 4334.5006; Windows NT 5.1; GTB6; .NET CLR 2.0.50727; .NET CLR 3.0.4506.2152; .NET CLR 3.5.30729)"
207.200.116.67 - - [04/Sep/2009:13:22:31 -0700] "GET www.suzanwoodruff.com/selectedworks/images/2/Thestructureofcrystalsg.jpg HTTP/1.1" 200 159549 "http://www.suzanwoodruff.com/works2.html" "Mozilla/4.0 (compatible; MSIE 7.0; AOL 9.1; AOLBuild 4334.5006; Windows NT 5.1; GTB6; .NET CLR 2.0.50727; .NET CLR 3.0.4506.2152; .NET CLR 3.5.30729)"
207.200.116.6 - - [04/Sep/2009:13:23:29 -0700] "GET www.suzanwoodruff.com/works4.html HTTP/1.1" 200 5977 "http://www.suzanwoodruff.com/works5.html" "Mozilla/4.0 (compatible; MSIE 7.0; AOL 9.1; AOLBuild 4334.5006; Windows NT 5.1; GTB6; .NET CLR 2.0.50727; .NET CLR 3.0.4506.2152; .NET CLR 3.5.30729)"
207.200.116.5 - - [04/Sep/2009:13:23:44 -0700] "GET www.suzanwoodruff.com/works3.html HTTP/1.1" 200 6038 "http://www.suzanwoodruff.com/works4.html" "Mozilla/4.0 (compatible; MSIE 7.0; AOL 9.1; AOLBuild 4334.5006; Windows NT 5.1; GTB6; .NET CLR 2.0.50727; .NET CLR 3.0.4506.2152; .NET CLR 3.5.30729)"
207.200.116.5 - - [04/Sep/2009:13:23:44 -0700] "GET www.suzanwoodruff.com/works3.html HTTP/1.1" 200 6038 "http://www.suzanwoodruff.com/works4.html" "Mozilla/4.0 (compatible; MSIE 7.0; AOL 9.1; AOLBuild 4334.5006; Windows NT 5.1; GTB6; .NET CLR 2.0.50727; .NET CLR 3.0.4506.2152; .NET CLR 3.5.30729)"
207.200.116.10 - - [04/Sep/2009:13:23:59 -0700] "GET www.suzanwoodruff.com/selectedworks/images/3/Redshift2g.jpg HTTP/1.1" 200 172288 "http://www.suzanwoodruff.com/works3.html" "Mozilla/4.0 (compatible; MSIE 7.0; AOL 9.1; AOLBuild 4334.5006; Windows NT 5.1; GTB6; .NET CLR 2.0.50727; .NET CLR 3.0.4506.2152; .NET CLR 3.5.30729)"
207.200.116.6 - - [04/Sep/2009:13:24:35 -0700] "GET www.suzanwoodruff.com/works4.html HTTP/1.1" 200 5977 "http://www.suzanwoodruff.com/works5.html" "Mozilla/4.0 (compatible; MSIE 7.0; AOL 9.1; AOLBuild 4334.5006; Windows NT 5.1; GTB6; .NET CLR 2.0.50727; .NET CLR 3.0.4506.2152; .NET CLR 3.5.30729)"
207.200.116.5 - - [04/Sep/2009:13:25:14 -0700] "GET www.suzanwoodruff.com/works3.html HTTP/1.1" 200 6038 "http://www.suzanwoodruff.com/works4.html" "Mozilla/4.0 (compatible; MSIE 7.0; AOL 9.1; AOLBuild 4334.5006; Windows NT 5.1; GTB6; .NET CLR 2.0.50727; .NET CLR 3.0.4506.2152; .NET CLR 3.5.30729)"
207.200.116.130 - - [04/Sep/2009:13:25:21 -0700] "GET www.suzanwoodruff.com/works2.html HTTP/1.1" 200 6060 "http://www.suzanwoodruff.com/works3.html" "Mozilla/4.0 (compatible; MSIE 7.0; AOL 9.1; AOLBuild 4334.5006; Windows NT 5.1; GTB6; .NET CLR 2.0.50727; .NET CLR 3.0.4506.2152; .NET CLR 3.5.30729)"
207.200.116.138 - - [04/Sep/2009:13:25:31 -0700] "GET www.suzanwoodruff.com/works1.html HTTP/1.1" 200 6179 "http://www.suzanwoodruff.com/works2.html" "Mozilla/4.0 (compatible; MSIE 7.0; AOL 9.1; AOLBuild 4334.5006; Windows NT 5.1; GTB6; .NET CLR 2.0.50727; .NET CLR 3.0.4506.2152; .NET CLR 3.5.30729)"
207.200.116.66 - - [04/Sep/2009:13:25:42 -0700] "GET www.suzanwoodruff.com/selectedworks/images/1/Particlewave2g.jpg HTTP/1.1" 200 168645 "http://www.suzanwoodruff.com/works1.html" "Mozilla/4.0 (compatible; MSIE 7.0; AOL 9.1; AOLBuild 4334.5006; Windows NT 5.1; GTB6; .NET CLR 2.0.50727; .NET CLR 3.0.4506.2152; .NET CLR 3.5.30729)"
207.200.116.14 - - [04/Sep/2009:13:38:54 -0700] "GET www.suzanwoodruff.com/works.html HTTP/1.1" 200 6091 "http://www.suzanwoodruff.com/works1.html" "Mozilla/4.0 (compatible; MSIE 7.0; AOL 9.1; AOLBuild 4334.5006; Windows NT 5.1; GTB6; .NET CLR 2.0.50727; .NET CLR 3.0.4506.2152; .NET CLR 3.5.30729)"
207.200.116.10 - - [04/Sep/2009:13:40:01 -0700] "GET www.suzanwoodruff.com/works8.html HTTP/1.1" 200 6157 "http://www.suzanwoodruff.com/works.html" "Mozilla/4.0 (compatible; MSIE 7.0; AOL 9.1; AOLBuild 4334.5006; Windows NT 5.1; GTB6; .NET CLR 2.0.50727; .NET CLR 3.0.4506.2152; .NET CLR 3.5.30729)"
207.200.116.9 - - [04/Sep/2009:13:58:08 -0700] "GET www.suzanwoodruff.com/works7.html HTTP/1.1" 200 6160 "http://www.suzanwoodruff.com/works8.html" "Mozilla/4.0 (compatible; MSIE 7.0; AOL 9.1; AOLBuild 4334.5006; Windows NT 5.1; GTB6; .NET CLR 2.0.50727; .NET CLR 3.0.4506.2152; .NET CLR 3.5.30729)"
207.200.116.8 - - [04/Sep/2009:13:58:10 -0700] "GET www.suzanwoodruff.com/works6.html HTTP/1.1" 200 6059 "http://www.suzanwoodruff.com/works7.html" "Mozilla/4.0 (compatible; MSIE 7.0; AOL 9.1; AOLBuild 4334.5006; Windows NT 5.1; GTB6; .NET CLR 2.0.50727; .NET CLR 3.0.4506.2152; .NET CLR 3.5.30729)"
207.200.116.7 - - [04/Sep/2009:13:58:12 -0700] "GET www.suzanwoodruff.com/works5.html HTTP/1.1" 200 6200 "http://www.suzanwoodruff.com/works6.html" "Mozilla/4.0 (compatible; MSIE 7.0; AOL 9.1; AOLBuild 4334.5006; Windows NT 5.1; GTB6; .NET CLR 2.0.50727; .NET CLR 3.0.4506.2152; .NET CLR 3.5.30729)"
207.200.116.6 - - [04/Sep/2009:13:58:13 -0700] "GET www.suzanwoodruff.com/works4.html HTTP/1.1" 200 5977 "http://www.suzanwoodruff.com/works5.html" "Mozilla/4.0 (compatible; MSIE 7.0; AOL 9.1; AOLBuild 4334.5006; Windows NT 5.1; GTB6; .NET CLR 2.0.50727; .NET CLR 3.0.4506.2152; .NET CLR 3.5.30729)"
207.200.116.5 - - [04/Sep/2009:13:58:15 -0700] "GET www.suzanwoodruff.com/works3.html HTTP/1.1" 200 6038 "http://www.suzanwoodruff.com/works4.html" "Mozilla/4.0 (compatible; MSIE 7.0; AOL 9.1; AOLBuild 4334.5006; Windows NT 5.1; GTB6; .NET CLR 2.0.50727; .NET CLR 3.0.4506.2152; .NET CLR 3.5.30729)"
71.106.0.251 - - [04/Sep/2009:13:58:15 -0700] "GET www.suzanwoodruff.com/works3.html HTTP/1.1" 200 6038 "http://www.suzanwoodruff.com/works4.html" "Mozilla/4.0 (compatible; MSIE 7.0; AOL 9.1; AOLBuild 4334.5006; Windows NT 5.1; GTB6; .NET CLR 2.0.50727; .NET CLR 3.0.4506.2152; .NET CLR 3.5.30729)"
207.200.116.130 - - [04/Sep/2009:13:58:19 -0700] "GET www.suzanwoodruff.com/works2.html HTTP/1.1" 200 6060 "http://www.suzanwoodruff.com/works3.html" "Mozilla/4.0 (compatible; MSIE 7.0; AOL 9.1; AOLBuild 4334.5006; Windows NT 5.1; GTB6; .NET CLR 2.0.50727; .NET CLR 3.0.4506.2152; .NET CLR 3.5.30729)"
207.200.116.138 - - [04/Sep/2009:13:58:20 -0700] "GET www.suzanwoodruff.com/works1.html HTTP/1.1" 200 6179 "http://www.suzanwoodruff.com/works2.html" "Mozilla/4.0 (compatible; MSIE 7.0; AOL 9.1; AOLBuild 4334.5006; Windows NT 5.1; GTB6; .NET CLR 2.0.50727; .NET CLR 3.0.4506.2152; .NET CLR 3.5.30729)"
207.200.116.6 - - [04/Sep/2009:13:58:50 -0700] "GET www.suzanwoodruff.com/cv.html HTTP/1.1" 200 8946 "http://www.suzanwoodruff.com/works1.html" "Mozilla/4.0 (compatible; MSIE 7.0; AOL 9.1; AOLBuild 4334.5006; Windows NT 5.1; GTB6; .NET CLR 2.0.50727; .NET CLR 3.0.4506.2152; .NET CLR 3.5.30729)"
207.200.116.13 - - [04/Sep/2009:13:58:50 -0700] "GET www.suzanwoodruff.com/images/title3.jpg HTTP/1.1" 200 3444 "http://www.suzanwoodruff.com/cv.html" "Mozilla/4.0 (compatible; MSIE 7.0; AOL 9.1; AOLBuild 4334.5006; Windows NT 5.1; GTB6; .NET CLR 2.0.50727; .NET CLR 3.0.4506.2152; .NET CLR 3.5.30729)"
207.200.116.11 - - [04/Sep/2009:14:01:05 -0700] "GET www.suzanwoodruff.com/reviews.html HTTP/1.1" 200 8309 "http://www.suzanwoodruff.com/cv.html" "Mozilla/4.0 (compatible; MSIE 7.0; AOL 9.1; AOLBuild 4334.5006; Windows NT 5.1; GTB6; .NET CLR 2.0.50727; .NET CLR 3.0.4506.2152; .NET CLR 3.5.30729)"
207.200.116.138 - - [04/Sep/2009:14:01:06 -0700] "GET www.suzanwoodruff.com/images/reviews/blogs1.jpg HTTP/1.1" 200 68190 "http://www.suzanwoodruff.com/reviews.html" "Mozilla/4.0 (compatible; MSIE 7.0; AOL 9.1; AOLBuild 4334.5006; Windows NT 5.1; GTB6; .NET CLR 2.0.50727; .NET CLR 3.0.4506.2152; .NET CLR 3.5.30729)"
207.200.116.135 - - [04/Sep/2009:14:01:06 -0700] "GET www.suzanwoodruff.com/images/reviews/flavorpill1.jpg HTTP/1.1" 200 65481 "http://www.suzanwoodruff.com/reviews.html" "Mozilla/4.0 (compatible; MSIE 7.0; AOL 9.1; AOLBuild 4334.5006; Windows NT 5.1; GTB6; .NET CLR 2.0.50727; .NET CLR 3.0.4506.2152; .NET CLR 3.5.30729)"
207.200.116.68 - - [04/Sep/2009:14:01:06 -0700] "GET www.suzanwoodruff.com/images/reviews/artltd1.jpg HTTP/1.1" 200 60319 "http://www.suzanwoodruff.com/reviews.html" "Mozilla/4.0 (compatible; MSIE 7.0; AOL 9.1; AOLBuild 4334.5006; Windows NT 5.1; GTB6; .NET CLR 2.0.50727; .NET CLR 3.0.4506.2152; .NET CLR 3.5.30729)"
207.200.116.13 - - [04/Sep/2009:14:01:06 -0700] "GET www.suzanwoodruff.com/images/reviews/budapest1.jpg HTTP/1.1" 200 67669 "http://www.suzanwoodruff.com/reviews.html" "Mozilla/4.0 (compatible; MSIE 7.0; AOL 9.1; AOLBuild 4334.5006; Windows NT 5.1; GTB6; .NET CLR 2.0.50727; .NET CLR 3.0.4506.2152; .NET CLR 3.5.30729)"
207.200.116.65 - - [04/Sep/2009:14:01:07 -0700] "GET www.suzanwoodruff.com/images/reviews/LAweekly1.jpg HTTP/1.1" 200 49915 "http://www.suzanwoodruff.com/reviews.html" "Mozilla/4.0 (compatible; MSIE 7.0; AOL 9.1; AOLBuild 4334.5006; Windows NT 5.1; GTB6; .NET CLR 2.0.50727; .NET CLR 3.0.4506.2152; .NET CLR 3.5.30729)"
207.200.116.135 - - [04/Sep/2009:14:01:07 -0700] "GET www.suzanwoodruff.com/images/reviews/PaliPost2.jpg HTTP/1.1" 200 70081 "http://www.suzanwoodruff.com/reviews.html" "Mozilla/4.0 (compatible; MSIE 7.0; AOL 9.1; AOLBuild 4334.5006; Windows NT 5.1; GTB6; .NET CLR 2.0.50727; .NET CLR 3.0.4506.2152; .NET CLR 3.5.30729)"
207.200.116.5 - - [04/Sep/2009:14:01:07 -0700] "GET www.suzanwoodruff.com/images/reviews/Litpark2.jpg HTTP/1.1" 200 57187 "http://www.suzanwoodruff.com/reviews.html" "Mozilla/4.0 (compatible; MSIE 7.0; AOL 9.1; AOLBuild 4334.5006; Windows NT 5.1; GTB6; .NET CLR 2.0.50727; .NET CLR 3.0.4506.2152; .NET CLR 3.5.30729)"
207.200.116.10 - - [04/Sep/2009:14:01:07 -0700] "GET www.suzanwoodruff.com/images/reviews/pchreview1.jpg HTTP/1.1" 200 51011 "http://www.suzanwoodruff.com/reviews.html" "Mozilla/4.0 (compatible; MSIE 7.0; AOL 9.1; AOLBuild 4334.5006; Windows NT 5.1; GTB6; .NET CLR 2.0.50727; .NET CLR 3.0.4506.2152; .NET CLR 3.5.30729)"
207.200.116.71 - - [04/Sep/2009:14:01:08 -0700] "GET www.suzanwoodruff.com/images/reviews/LAweekly7.jpg HTTP/1.1" 200 58910 "http://www.suzanwoodruff.com/reviews.html" "Mozilla/4.0 (compatible; MSIE 7.0; AOL 9.1; AOLBuild 4334.5006; Windows NT 5.1; GTB6; .NET CLR 2.0.50727; .NET CLR 3.0.4506.2152; .NET CLR 3.5.30729)"
207.200.116.65 - - [04/Sep/2009:14:01:09 -0700] "GET www.suzanwoodruff.com/images/reviews/times2.jpg HTTP/1.1" 200 63302 "http://www.suzanwoodruff.com/reviews.html" "Mozilla/4.0 (compatible; MSIE 7.0; AOL 9.1; AOLBuild 4334.5006; Windows NT 5.1; GTB6; .NET CLR 2.0.50727; .NET CLR 3.0.4506.2152; .NET CLR 3.5.30729)"
207.200.116.8 - - [04/Sep/2009:14:01:09 -0700] "GET www.suzanwoodruff.com/images/reviews/Coagula2.jpg HTTP/1.1" 200 49454 "http://www.suzanwoodruff.com/reviews.html" "Mozilla/4.0 (compatible; MSIE 7.0; AOL 9.1; AOLBuild 4334.5006; Windows NT 5.1; GTB6; .NET CLR 2.0.50727; .NET CLR 3.0.4506.2152; .NET CLR 3.5.30729)"
207.200.116.66 - - [04/Sep/2009:14:01:09 -0700] "GET www.suzanwoodruff.com/images/reviews/dart2.jpg HTTP/1.1" 200 63812 "http://www.suzanwoodruff.com/reviews.html" "Mozilla/4.0 (compatible; MSIE 7.0; AOL 9.1; AOLBuild 4334.5006; Windows NT 5.1; GTB6; .NET CLR 2.0.50727; .NET CLR 3.0.4506.2152; .NET CLR 3.5.30729)"
207.200.116.139 - - [04/Sep/2009:14:01:09 -0700] "GET www.suzanwoodruff.com/images/reviews/artweek3.jpg HTTP/1.1" 200 47956 "http://www.suzanwoodruff.com/reviews.html" "Mozilla/4.0 (compatible; MSIE 7.0; AOL 9.1; AOLBuild 4334.5006; Windows NT 5.1; GTB6; .NET CLR 2.0.50727; .NET CLR 3.0.4506.2152; .NET CLR 3.5.30729)"
207.200.116.139 - - [04/Sep/2009:14:01:10 -0700] "GET www.suzanwoodruff.com/images/reviews/Litpark1.jpg HTTP/1.1" 200 55119 "http://www.suzanwoodruff.com/reviews.html" "Mozilla/4.0 (compatible; MSIE 7.0; AOL 9.1; AOLBuild 4334.5006; Windows NT 5.1; GTB6; .NET CLR 2.0.50727; .NET CLR 3.0.4506.2152; .NET CLR 3.5.30729)"
207.200.116.9 - - [04/Sep/2009:14:01:10 -0700] "GET www.suzanwoodruff.com/images/reviews/uandu1.jpg HTTP/1.1" 200 69323 "http://www.suzanwoodruff.com/reviews.html" "Mozilla/4.0 (compatible; MSIE 7.0; AOL 9.1; AOLBuild 4334.5006; Windows NT 5.1; GTB6; .NET CLR 2.0.50727; .NET CLR 3.0.4506.2152; .NET CLR 3.5.30729)"
207.200.116.133 - - [04/Sep/2009:14:01:13 -0700] "GET www.suzanwoodruff.com/images/reviews/artkonsult1.jpg HTTP/1.1" 200 69266 "http://www.suzanwoodruff.com/reviews.html" "Mozilla/4.0 (compatible; MSIE 7.0; AOL 9.1; AOLBuild 4334.5006; Windows NT 5.1; GTB6; .NET CLR 2.0.50727; .NET CLR 3.0.4506.2152; .NET CLR 3.5.30729)"
207.200.116.65 - - [04/Sep/2009:14:02:12 -0700] "GET www.suzanwoodruff.com/ HTTP/1.1" 200 3629 "http://www.google.com/search?hl=en&ie=ISO-8859-1&as_q=suzan+woodruff&as_epq=suzan+woodruff&as_oq=&as_eq=&num=10&lr=&as_filetype=&ft=i&as_sitesearch=&as_qdr=all&as_rights=&as_occt=any&cr=&as_nlo=&as_nhi=&safe=images" "Mozilla/4.0 (compatible; MSIE 7.0; AOL 9.1; AOLBuild 4334.5006; Windows NT 5.1; GTB6; .NET CLR 2.0.50727; .NET CLR 3.0.4506.2152; .NET CLR 3.5.30729)"
207.200.116.6 - - [04/Sep/2009:14:02:20 -0700] "GET www.suzanwoodruff.com/cv.html HTTP/1.1" 200 8946 "http://www.suzanwoodruff.com/" "Mozilla/4.0 (compatible; MSIE 7.0; AOL 9.1; AOLBuild 4334.5006; Windows NT 5.1; GTB6; .NET CLR 2.0.50727; .NET CLR 3.0.4506.2152; .NET CLR 3.5.30729)"
66.249.68.250 - - [04/Sep/2009:14:24:53 -0700] "GET www.suzanwoodruff.com/works8.html HTTP/1.1" 200 6157 "-" "Mozilla/5.0 (compatible; Googlebot/2.1; +http://www.google.com/bot.html)"
208.96.10.201 - - [04/Sep/2009:14:34:47 -0700] "GET www.suzanwoodruff.com/ HTTP/1.1" 200 3629 "-" "robotgenius (http://robotgenius.net)"
24.218.47.126 - - [04/Sep/2009:15:47:03 -0700] "GET www.suzanwoodruff.com/ HTTP/1.1" 200 3629 "-" "Mozilla/5.0 (Macintosh; U; Intel Mac OS X 10_5_8; en-us) AppleWebKit/531.9 (KHTML, like Gecko) Version/4.0.3 Safari/531.9"
58.61.164.39 - - [04/Sep/2009:17:16:46 -0700] "GET www.suzanwoodruff.com/robots.txt HTTP/1.1" 404 1695 "http://www.suzanwoodruff.com/robots.txt" "Sosospider+(+http://help.soso.com/webspider.htm)"
24.218.47.126 - - [04/Sep/2009:17:23:41 -0700] "GET www.suzanwoodruff.com/ HTTP/1.1" 200 3629 "-" "Mozilla/5.0 (Macintosh; U; Intel Mac OS X 10_5_8; en-us) AppleWebKit/531.9 (KHTML, like Gecko) Version/4.0.3 Safari/531.9"
65.55.106.108 - - [04/Sep/2009:18:36:14 -0700] "GET www.suzanwoodruff.com/robots.txt HTTP/1.1" 404 1695 "-" "msnbot/2.0b (+http://search.msn.com/msnbot.htm)"
65.55.106.108 - - [04/Sep/2009:18:37:20 -0700] "GET www.suzanwoodruff.com/CoagulaArtJournal.html HTTP/1.0" 200 2793 "-" "msnbot/2.0b (+http://search.msn.com/msnbot.htm)"
72.30.161.247 - - [04/Sep/2009:18:44:15 -0700] "GET www.suzanwoodruff.com/robots.txt HTTP/1.0" 404 1683 "-" "Mozilla/5.0 (compatible; Yahoo! Slurp; http://help.yahoo.com/help/us/ysearch/slurp)"
72.30.161.247 - - [04/Sep/2009:18:44:15 -0700] "GET www.suzanwoodruff.com/works3.html HTTP/1.0" 200 6018 "-" "Mozilla/5.0 (compatible; Yahoo! Slurp/3.0; http://help.yahoo.com/help/us/ysearch/slurp)"
24.218.47.126 - - [04/Sep/2009:18:58:06 -0700] "GET www.suzanwoodruff.com/ HTTP/1.1" 200 3629 "-" "Mozilla/5.0 (Macintosh; U; Intel Mac OS X 10_5_8; en-us) AppleWebKit/531.9 (KHTML, like Gecko) Version/4.0.3 Safari/531.9"
24.218.47.126 - - [04/Sep/2009:18:58:06 -0700] "GET www.suzanwoodruff.com/images/title2.jpg HTTP/1.1" 200 3317 "http://www.suzanwoodruff.com/" "Mozilla/5.0 (Macintosh; U; Intel Mac OS X 10_5_8; en-us) AppleWebKit/531.9 (KHTML, like Gecko) Version/4.0.3 Safari/531.9"
24.218.47.126 - - [04/Sep/2009:18:58:06 -0700] "GET www.suzanwoodruff.com/images/avatar.jpg HTTP/1.1" 200 33733 "http://www.suzanwoodruff.com/" "Mozilla/5.0 (Macintosh; U; Intel Mac OS X 10_5_8; en-us) AppleWebKit/531.9 (KHTML, like Gecko) Version/4.0.3 Safari/531.9"
24.218.47.126 - - [04/Sep/2009:18:58:07 -0700] "GET www.suzanwoodruff.com/images/COVERDROP.jpg HTTP/1.1" 200 198574 "http://www.suzanwoodruff.com/" "Mozilla/5.0 (Macintosh; U; Intel Mac OS X 10_5_8; en-us) AppleWebKit/531.9 (KHTML, like Gecko) Version/4.0.3 Safari/531.9"
67.218.116.164 - - [04/Sep/2009:19:36:16 -0700] "GET www.suzanwoodruff.com/robots.txt HTTP/1.0" 404 1683 "-" "Mozilla/5.0 (Twiceler-0.9 http://www.cuil.com/twiceler/robot.html)"
66.249.68.250 - - [04/Sep/2009:19:46:13 -0700] "GET www.suzanwoodruff.com/robots.txt HTTP/1.1" 404 1695 "-" "Mozilla/5.0 (compatible; Googlebot/2.1; +http://www.google.com/bot.html)"
66.249.68.250 - - [04/Sep/2009:19:46:13 -0700] "GET www.suzanwoodruff.com/Budapest.html HTTP/1.1" 200 1711 "-" "Mozilla/5.0 (compatible; Googlebot/2.1; +http://www.google.com/bot.html)"
24.218.47.126 - - [04/Sep/2009:21:19:22 -0700] "GET www.suzanwoodruff.com/ HTTP/1.1" 200 3629 "-" "Mozilla/5.0 (Macintosh; U; Intel Mac OS X 10_5_8; en-us) AppleWebKit/531.9 (KHTML, like Gecko) Version/4.0.3 Safari/531.9"
